// Jest Snapshot v1, https://goo.gl/fbAQLP

exports[`useConfirmation should execute 1`] = `ShallowWrapper {}`;
